// Jest Snapshot v1, https://goo.gl/fbAQLP

exports[`App empty 1`] = `
<div
  class="StyledGrommet-sc-19lkkz7-0 gguoEx"
  style="height: 100%;"
>
  <div
    class="StyledBox-sc-13pk1d4-0 koRJcD"
  >
    <div
      class="StyledBox-sc-13pk1d4-0 bHvswQ"
    >
      <h1
        class="StyledHeading-sc-1rdh4aw-0 fJrTWC"
      >
        grommet designer
      </h1>
      <p
        class="StyledParagraph-sc-tbetod-0 cJUZhY"
      >
        design with grommet components
      </p>
      <a
        class="StyledButton-sc-323bzc-0 bFQnfs"
        href="/_new"
        title="create a new design"
      >
        Create
      </a>
      <div
        class="StyledBox-sc-13pk1d4-0 jcXjfc"
      />
      <div
        class="StyledBox-sc-13pk1d4-0 iPbgnM FileInput__ContentsBox-sc-1jzq7im-0 iseSTi"
      >
        <div
          class="StyledBox-sc-13pk1d4-0 bznjRF"
        >
          <span
            class="StyledText-sc-1sadyjn-0 fvItiE FileInput__Message-sc-1jzq7im-2 hzOUsx"
          >
            Import - drop design file here
          </span>
          <a
            class="StyledAnchor-sc-1rp7lwl-0 bhYTLn"
            tabindex="0"
          >
            browse
          </a>
        </div>
        <input
          accept=".json"
          class="StyledFileInput-sc-rl7ywv-0 dkCaZm"
          type="file"
        />
      </div>
      <div
        class="StyledBox-sc-13pk1d4-0 extusd"
      >
        <div
          class="StyledBox-sc-13pk1d4-0 hiGxse"
          id="themeMode"
          role="radiogroup"
        >
          <label
            class="StyledRadioButton__StyledRadioButtonContainer-sc-g1f6ld-0 erduql"
            for="themeMode-dark"
          >
            <div
              class="StyledBox-sc-13pk1d4-0 hIYvga StyledRadioButton-sc-g1f6ld-5 chIzBU"
            >
              <input
                checked=""
                class="StyledRadioButton__StyledRadioButtonInput-sc-g1f6ld-1 cQcVYv"
                id="themeMode-dark"
                name="themeMode"
                tabindex="0"
                type="radio"
                value="dark"
              />
              <div
                class="StyledBox-sc-13pk1d4-0 jeRlcU StyledRadioButton__StyledRadioButtonBox-sc-g1f6ld-4 enovQq"
              >
                <svg
                  class="StyledRadioButton__StyledRadioButtonIcon-sc-g1f6ld-3 jmrcKX"
                  preserveAspectRatio="xMidYMid meet"
                  viewBox="0 0 24 24"
                >
                  <circle
                    cx="12"
                    cy="12"
                    r="6"
                  />
                </svg>
              </div>
            </div>
            <span
              class="StyledRadioButton__StyledRadioButtonLabel-sc-g1f6ld-2"
            >
              dark
            </span>
          </label>
          <div
            class="StyledBox__StyledBoxGap-sc-13pk1d4-1 fuTsyj"
          />
          <label
            class="StyledRadioButton__StyledRadioButtonContainer-sc-g1f6ld-0 erduql"
            for="themeMode-light"
          >
            <div
              class="StyledBox-sc-13pk1d4-0 hIYvga StyledRadioButton-sc-g1f6ld-5 chIzBU"
            >
              <input
                class="StyledRadioButton__StyledRadioButtonInput-sc-g1f6ld-1 cQcVYv"
                id="themeMode-light"
                name="themeMode"
                tabindex="-1"
                type="radio"
                value="light"
              />
              <div
                class="StyledBox-sc-13pk1d4-0 jIEhEE StyledRadioButton__StyledRadioButtonBox-sc-g1f6ld-4 enovQq"
              />
            </div>
            <span
              class="StyledRadioButton__StyledRadioButtonLabel-sc-g1f6ld-2"
            >
              light
            </span>
          </label>
        </div>
        <div
          class="StyledBox__StyledBoxGap-sc-13pk1d4-1 fuTsyj"
        />
        <label
          class="StyledCheckBox__StyledCheckBoxContainer-sc-1dbk5ju-1 llZSKA"
        >
          <div
            class="StyledBox-sc-13pk1d4-0 iiLUML StyledCheckBox-sc-1dbk5ju-6 bXiBYz"
          >
            <input
              class="StyledCheckBox__StyledCheckBoxInput-sc-1dbk5ju-2 hYGeTt"
              type="checkbox"
            />
            <div
              class="StyledBox-sc-13pk1d4-0 dgGvUg StyledCheckBox__StyledCheckBoxBox-sc-1dbk5ju-3 WtXtt"
            />
          </div>
          <span>
            right to left
          </span>
        </label>
      </div>
    </div>
    <div
      class="StyledBox__StyledBoxGap-sc-13pk1d4-1 esHjNp"
    />
    <div
      class="StyledBox-sc-13pk1d4-0 gxyant"
    >
      <div
        class="StyledBox-sc-13pk1d4-0 dxtVkg"
      >
        <header
          class="StyledBox-sc-13pk1d4-0 eBclet"
        >
          <h2
            class="StyledHeading-sc-1rdh4aw-0 bpWVVC"
          >
            tutorials
          </h2>
        </header>
        <a
          class="StyledButton-sc-323bzc-0 kVhqUm"
          href="https://us-central1-grommet-designer.cloudfunctions.net/images/eric-soderberg-hpe-com/designer%20introduction%202a.mp4"
          target="_blank"
        >
          <div
            class="StyledBox-sc-13pk1d4-0 kSZjsO"
          >
            <div
              class="StyledBox-sc-13pk1d4-0 gTflAu"
            >
              <img
                class="StyledImage-sc-ey4zx9-0 fEOYzu"
                src="https://us-central1-grommet-designer.cloudfunctions.net/images/eric-soderberg-hpe-com/designer-tutorial-introduction.png"
              />
            </div>
            <div
              class="StyledBox__StyledBoxGap-sc-13pk1d4-1 hyJvBD"
            />
            <span
              class="StyledText-sc-1sadyjn-0 ieEvcg"
            >
              introduction
            </span>
          </div>
        </a>
      </div>
      <div
        class="StyledBox__StyledBoxGap-sc-13pk1d4-1 DUqM"
      />
      <div
        class="StyledBox-sc-13pk1d4-0 kUDZbv"
      >
        <h2
          class="StyledHeading-sc-1rdh4aw-0 bpWVVC"
        >
          inspiration
        </h2>
        <div
          class="StyledBox-sc-13pk1d4-0 diGgTQ"
        >
          <a
            class="StyledButton-sc-323bzc-0 kVhqUm"
            href="https://designer.grommet.io/?id=HPE-design-system-hpedesignsystem-hpe-com&mode=edit"
          >
            <div
              class="StyledBox-sc-13pk1d4-0 kSZjsO"
            >
              <div
                class="StyledBox-sc-13pk1d4-0 gTflAu"
              />
              <div
                class="StyledBox__StyledBoxGap-sc-13pk1d4-1 hyJvBD"
              />
              <span
                class="StyledText-sc-1sadyjn-0 ieEvcg"
              >
                HPE design system
              </span>
            </div>
          </a>
          <div
            class="StyledBox__StyledBoxGap-sc-13pk1d4-1 fuTsyj"
          />
          <a
            class="StyledButton-sc-323bzc-0 kVhqUm"
            href="https://designer.grommet.io/?id=Card-eric-soderberg-hpe-com&mode=edit"
          >
            <div
              class="StyledBox-sc-13pk1d4-0 kSZjsO"
            >
              <div
                class="StyledBox-sc-13pk1d4-0 gTflAu"
              />
              <div
                class="StyledBox__StyledBoxGap-sc-13pk1d4-1 hyJvBD"
              />
              <span
                class="StyledText-sc-1sadyjn-0 ieEvcg"
              >
                Card
              </span>
            </div>
          </a>
        </div>
      </div>
    </div>
  </div>
</div>
`;

exports[`App empty 2`] = `
<div
  class="StyledGrommet-sc-19lkkz7-0 gguoEx"
  style="height: 100%;"
>
  <div
    class="StyledGrid-sc-1wofa1l-0 BBBOU"
  >
    <div
      class="StyledGrommet-sc-19lkkz7-0 iZdjoZ"
      id="designer-canvas"
      style="height: 100%; max-width: 100vw;"
    >
      <div
        class="StyledBox-sc-13pk1d4-0 tFPNe"
        draggable="true"
        style="outline: 1px dashed red;"
        tabindex="-1"
      >
        <div
          class="sc-gsTEea hduLXy"
        >
          <p
            class="StyledParagraph-sc-tbetod-0 kWaqig"
          >
            This Box is currently empty. Add components to it, so it can do its layout thing.
          </p>
        </div>
      </div>
    </div>
  </div>
</div>
`;
